
Memory Configuration

Name             Origin             Length             Attributes
FLASH            0x0000000008000000 0x0000000000020000 xr
RAM              0x0000000020000000 0x0000000000005000 xrw
*default*        0x0000000000000000 0xffffffffffffffff

Linker script and memory map


.text           0x0000000008000000      0x18c
                0x0000000008000000                _start_text = .
 *(.isr_vector)
 .isr_vector    0x0000000008000000       0xf0 startup.o
                0x0000000008000000                IV
 *(.text*)
 .text          0x00000000080000f0       0x9c startup.o
                0x00000000080000f0                isr_reset
                0x0000000008000158                isr_fault
                0x000000000800015e                isr_empty
                0x000000000800016a                main
 *(.rodata*)
                0x000000000800018c                . = ALIGN (0x4)
                0x000000000800018c                _end_text = .
                0x000000000800018c                _stored_data = .

.glue_7         0x000000000800018c        0x0
 .glue_7        0x000000000800018c        0x0 linker stubs

.glue_7t        0x000000000800018c        0x0
 .glue_7t       0x000000000800018c        0x0 linker stubs

.vfp11_veneer   0x000000000800018c        0x0
 .vfp11_veneer  0x000000000800018c        0x0 linker stubs

.v4_bx          0x000000000800018c        0x0
 .v4_bx         0x000000000800018c        0x0 linker stubs

.iplt           0x000000000800018c        0x0
 .iplt          0x000000000800018c        0x0 startup.o

.rel.dyn        0x000000000800018c        0x0
 .rel.iplt      0x000000000800018c        0x0 startup.o

.data           0x0000000020000000        0x4 load address 0x000000000800018c
                0x0000000020000000                _start_data = .
 *(.data*)
 .data          0x0000000020000000        0x4 startup.o
                0x0000000020000004                . = ALIGN (0x4)
                0x0000000020000004                _end_data = .

.igot.plt       0x0000000020000004        0x0 load address 0x0000000008000190
 .igot.plt      0x0000000020000004        0x0 startup.o

.bss            0x0000000020000004        0x4 load address 0x0000000008000190
                0x0000000020000004                _start_bss = .
 *(.bss*)
 .bss           0x0000000020000004        0x4 startup.o
 *(COMMON)
                0x0000000020000008                . = ALIGN (0x4)
                0x0000000020000008                _end_bss = .
                0x0000000020000008                _end = .
                0x0000000020005000                END_STACK = (ORIGIN (RAM) + LENGTH (RAM))
LOAD startup.o
OUTPUT(image.elf elf32-littlearm)
LOAD linker stubs

.debug_info     0x0000000000000000      0x149
 .debug_info    0x0000000000000000      0x149 startup.o

.debug_abbrev   0x0000000000000000      0x10a
 .debug_abbrev  0x0000000000000000      0x10a startup.o

.debug_aranges  0x0000000000000000       0x20
 .debug_aranges
                0x0000000000000000       0x20 startup.o

.debug_line     0x0000000000000000       0x86
 .debug_line    0x0000000000000000       0x86 startup.o

.debug_str      0x0000000000000000      0x16d
 .debug_str     0x0000000000000000      0x16d startup.o

.comment        0x0000000000000000       0x59
 .comment       0x0000000000000000       0x59 startup.o
                                         0x5a (size before relaxing)

.ARM.attributes
                0x0000000000000000       0x2d
 .ARM.attributes
                0x0000000000000000       0x2d startup.o

.debug_frame    0x0000000000000000       0x84
 .debug_frame   0x0000000000000000       0x84 startup.o
